jPSXdec: PSX media decoder (non-commercial) v2.0
Windows 11 10.0
Java 1.8.0_471
2026-03-01 21:40:47
21:40 jpsxdec.cdreaders.CdOpener INFO: C:\Users\JO\Desktop\XENO_ARC\Xenogears\XenogearsKORCD2.bin
21:40 jpsxdec.cdreaders.SectorFactory INFO: Attempting to identify as 2448
21:40 jpsxdec.cdreaders.SectorFactory INFO: Attempting to identify as 2352
21:40 jpsxdec.cdreaders.SectorFactory INFO: Disc type identified as 2352
21:40 index INFO: Indexing Filename:C:\Users\JO\Desktop\XENO_ARC\Xenogears\XenogearsKORCD2.bin|Sector size:2352|Sector count:307954|First sector offset:0
21:40 jpsxdec.indexing.DiscIndexer INFO: Adding disc item Sectors:48-67432|Type:XA|File:1|Channel:1|Stereo?:Yes|Samples/Sec:37800|Bits/Sample:4|Sector stride:8|Disc speed:2x
21:40 jpsxdec.modules.video.sectorbased.fps.StrFrameRateCalc INFO: Matching fps sequence: "10.0 sectors/frame" 10 length 67250 matches@0 1:1=true
21:40 jpsxdec.modules.video.sectorbased.fps.StrFrameRateCalc INFO: Possible frame rates: [2, 5, 10] Chose 10
21:40 jpsxdec.modules.video.sectorbased.fps.StrFrameRateCalc INFO: Sectors 41-67290 (67250) frames 6725 average 10 CASE1001011 old 10 new 10 @000000 vfr false 10.0 sectors/frame
21:40 jpsxdec.indexing.DiscIndexer INFO: Adding disc item Sectors:41-67290|Type:Video|Dimensions:320x224|Frame Count:6725|Sector Frames:41-67281|Sectors/Frame:10/1|1st frame end sector:9|Header Frames:1-6725
21:40 jpsxdec.indexing.DiscIndexer INFO: Adding disc item Sectors:67440-72504|Type:XA|File:1|Channel:1|Stereo?:Yes|Samples/Sec:37800|Bits/Sample:4|Sector stride:8|Disc speed:2x
21:40 jpsxdec.modules.video.sectorbased.fps.StrFrameRateCalc INFO: Matching fps sequence: "10.0 sectors/frame" 10 length 5050 matches@0 1:1=true
21:40 jpsxdec.modules.video.sectorbased.fps.StrFrameRateCalc INFO: Possible frame rates: [2, 5, 10] Chose 10
21:40 jpsxdec.modules.video.sectorbased.fps.StrFrameRateCalc INFO: Sectors 67433-72482 (5050) frames 505 average 10 CASE1001011 old 10 new 10 @000000 vfr false 10.0 sectors/frame
21:40 jpsxdec.indexing.DiscIndexer INFO: Adding disc item Sectors:67433-72482|Type:Video|Dimensions:320x224|Frame Count:505|Sector Frames:67433-72473|Sectors/Frame:10/1|1st frame end sector:9|Header Frames:1-505
21:40 jpsxdec.indexing.DiscIndexer INFO: Adding disc item Sectors:72512-74096|Type:XA|File:1|Channel:1|Stereo?:Yes|Samples/Sec:37800|Bits/Sample:4|Sector stride:8|Disc speed:2x
21:40 jpsxdec.modules.video.sectorbased.fps.StrFrameRateCalc INFO: Matching fps sequence: "10.0 sectors/frame" 10 length 1530 matches@0 1:1=true
21:40 jpsxdec.modules.video.sectorbased.fps.StrFrameRateCalc INFO: Possible frame rates: [2, 5, 10] Chose 10
21:40 jpsxdec.modules.video.sectorbased.fps.StrFrameRateCalc INFO: Sectors 72505-74034 (1530) frames 153 average 10 CASE1001011 old 10 new 10 @000000 vfr false 10.0 sectors/frame
21:40 jpsxdec.indexing.DiscIndexer INFO: Adding disc item Sectors:72505-74034|Type:Video|Dimensions:320x224|Frame Count:153|Sector Frames:72505-74025|Sectors/Frame:10/1|1st frame end sector:9|Header Frames:1-153
21:40 jpsxdec.indexing.DiscIndexer INFO: Adding disc item Sectors:74104-79568|Type:XA|File:1|Channel:1|Stereo?:Yes|Samples/Sec:37800|Bits/Sample:4|Sector stride:8|Disc speed:2x
21:40 jpsxdec.modules.video.sectorbased.fps.StrFrameRateCalc INFO: Matching fps sequence: "10.0 sectors/frame" 10 length 5399 matches@0 1:1=true
21:40 jpsxdec.modules.video.sectorbased.fps.StrFrameRateCalc INFO: Possible frame rates: [2, 5, 10] Chose 10
21:40 jpsxdec.modules.video.sectorbased.fps.StrFrameRateCalc INFO: Sectors 74097-79495 (5399) frames 540 average 5399/540 (9.9981) CASE1001011 old 10 new 10 @000000 vfr false 10.0 sectors/frame
21:40 jpsxdec.indexing.DiscIndexer INFO: Adding disc item Sectors:74097-79495|Type:Video|Dimensions:320x224|Frame Count:540|Sector Frames:74097-79487|Sectors/Frame:10/1|1st frame end sector:9|Header Frames:1-540
21:40 jpsxdec.indexing.DiscIndexer INFO: Adding disc item Sectors:79576-117696|Type:XA|File:1|Channel:1|Stereo?:Yes|Samples/Sec:37800|Bits/Sample:4|Sector stride:8|Disc speed:2x
21:40 jpsxdec.modules.video.sectorbased.fps.StrFrameRateCalc INFO: Matching fps sequence: "10.0 sectors/frame" 10 length 37999 matches@0 1:1=true
21:40 jpsxdec.modules.video.sectorbased.fps.StrFrameRateCalc INFO: Possible frame rates: [2, 5, 10] Chose 10
21:40 jpsxdec.modules.video.sectorbased.fps.StrFrameRateCalc INFO: Sectors 79569-117567 (37999) frames 3800 average 37999/3800 (9.9997) CASE1001011 old 10 new 10 @000000 vfr false 10.0 sectors/frame
21:40 jpsxdec.indexing.DiscIndexer INFO: Adding disc item Sectors:79569-117567|Type:Video|Dimensions:320x224|Frame Count:3800|Sector Frames:79569-117559|Sectors/Frame:10/1|1st frame end sector:9|Header Frames:1-3800
21:40 jpsxdec.indexing.DiscIndexer INFO: Adding disc item Sectors:117704-120312|Type:XA|File:1|Channel:1|Stereo?:Yes|Samples/Sec:37800|Bits/Sample:4|Sector stride:8|Disc speed:2x
21:40 jpsxdec.modules.video.sectorbased.fps.StrFrameRateCalc INFO: Matching fps sequence: "10.0 sectors/frame" 10 length 2550 matches@0 1:1=true
21:40 jpsxdec.modules.video.sectorbased.fps.StrFrameRateCalc INFO: Possible frame rates: [2, 5, 10] Chose 10
21:40 jpsxdec.modules.video.sectorbased.fps.StrFrameRateCalc INFO: Sectors 117697-120246 (2550) frames 255 average 10 CASE1001011 old 10 new 10 @000000 vfr false 10.0 sectors/frame
21:40 jpsxdec.indexing.DiscIndexer INFO: Adding disc item Sectors:117697-120246|Type:Video|Dimensions:320x224|Frame Count:255|Sector Frames:117697-120237|Sectors/Frame:10/1|1st frame end sector:9|Header Frames:1-255
21:40 jpsxdec.indexing.DiscIndexer INFO: Adding disc item Sectors:120320-146856|Type:XA|File:1|Channel:1|Stereo?:Yes|Samples/Sec:37800|Bits/Sample:4|Sector stride:8|Disc speed:2x
21:40 jpsxdec.modules.video.sectorbased.fps.StrFrameRateCalc INFO: Matching fps sequence: "10.0 sectors/frame" 10 length 26519 matches@0 1:1=true
21:40 jpsxdec.modules.video.sectorbased.fps.StrFrameRateCalc INFO: Possible frame rates: [2, 5, 10] Chose 10
21:40 jpsxdec.modules.video.sectorbased.fps.StrFrameRateCalc INFO: Sectors 120313-146831 (26519) frames 2652 average 26519/2652 (9.9996) CASE1001011 old 10 new 10 @000000 vfr false 10.0 sectors/frame
21:40 jpsxdec.indexing.DiscIndexer INFO: Adding disc item Sectors:120313-146831|Type:Video|Dimensions:320x224|Frame Count:2652|Sector Frames:120313-146823|Sectors/Frame:10/1|1st frame end sector:9|Header Frames:1-2652
21:40 jpsxdec.indexing.DiscIndexer INFO: Adding disc item Sectors:146864-149312|Type:XA|File:1|Channel:1|Stereo?:Yes|Samples/Sec:37800|Bits/Sample:4|Sector stride:8|Disc speed:2x
21:40 jpsxdec.modules.video.sectorbased.fps.StrFrameRateCalc INFO: Matching fps sequence: "10.0 sectors/frame" 10 length 2370 matches@0 1:1=true
21:40 jpsxdec.modules.video.sectorbased.fps.StrFrameRateCalc INFO: Possible frame rates: [2, 5, 10] Chose 10
21:40 jpsxdec.modules.video.sectorbased.fps.StrFrameRateCalc INFO: Sectors 146857-149226 (2370) frames 237 average 10 CASE1001011 old 10 new 10 @000000 vfr false 10.0 sectors/frame
21:40 jpsxdec.indexing.DiscIndexer INFO: Adding disc item Sectors:146857-149226|Type:Video|Dimensions:320x224|Frame Count:237|Sector Frames:146857-149217|Sectors/Frame:10/1|1st frame end sector:9|Header Frames:1-237
21:40 jpsxdec.indexing.DiscIndexer INFO: Adding disc item Sectors:149320-158376|Type:XA|File:1|Channel:1|Stereo?:Yes|Samples/Sec:37800|Bits/Sample:4|Sector stride:8|Disc speed:2x
21:40 jpsxdec.modules.video.sectorbased.fps.StrFrameRateCalc INFO: Matching fps sequence: "10.0 sectors/frame" 10 length 9010 matches@0 1:1=true
21:40 jpsxdec.modules.video.sectorbased.fps.StrFrameRateCalc INFO: Possible frame rates: [2, 5, 10] Chose 10
21:40 jpsxdec.modules.video.sectorbased.fps.StrFrameRateCalc INFO: Sectors 149313-158322 (9010) frames 901 average 10 CASE1001011 old 10 new 10 @000000 vfr false 10.0 sectors/frame
21:40 jpsxdec.indexing.DiscIndexer INFO: Adding disc item Sectors:149313-158322|Type:Video|Dimensions:320x224|Frame Count:901|Sector Frames:149313-158313|Sectors/Frame:10/1|1st frame end sector:9|Header Frames:1-901
21:40 jpsxdec.indexing.DiscIndexer INFO: Adding disc item Sectors:158384-160744|Type:XA|File:1|Channel:1|Stereo?:Yes|Samples/Sec:37800|Bits/Sample:4|Sector stride:8|Disc speed:2x
21:40 jpsxdec.modules.video.sectorbased.fps.StrFrameRateCalc INFO: Matching fps sequence: "10.0 sectors/frame" 10 length 2300 matches@0 1:1=true
21:40 jpsxdec.modules.video.sectorbased.fps.StrFrameRateCalc INFO: Possible frame rates: [2, 5, 10] Chose 10
21:40 jpsxdec.modules.video.sectorbased.fps.StrFrameRateCalc INFO: Sectors 158377-160676 (2300) frames 230 average 10 CASE1001011 old 10 new 10 @000000 vfr false 10.0 sectors/frame
21:40 jpsxdec.indexing.DiscIndexer INFO: Adding disc item Sectors:158377-160676|Type:Video|Dimensions:320x224|Frame Count:230|Sector Frames:158377-160667|Sectors/Frame:10/1|1st frame end sector:9|Header Frames:1-230
21:40 jpsxdec.indexing.DiscIndexer INFO: Adding disc item Sectors:160752-166296|Type:XA|File:1|Channel:1|Stereo?:Yes|Samples/Sec:37800|Bits/Sample:4|Sector stride:8|Disc speed:2x
21:40 jpsxdec.modules.video.sectorbased.fps.StrFrameRateCalc INFO: Matching fps sequence: "10.0 sectors/frame" 10 length 5500 matches@0 1:1=true
21:40 jpsxdec.modules.video.sectorbased.fps.StrFrameRateCalc INFO: Possible frame rates: [2, 5, 10] Chose 10
21:40 jpsxdec.modules.video.sectorbased.fps.StrFrameRateCalc INFO: Sectors 160745-166244 (5500) frames 550 average 10 CASE1001011 old 10 new 10 @000000 vfr false 10.0 sectors/frame
21:40 jpsxdec.indexing.DiscIndexer INFO: Adding disc item Sectors:160745-166244|Type:Video|Dimensions:320x224|Frame Count:550|Sector Frames:160745-166235|Sectors/Frame:10/1|1st frame end sector:9|Header Frames:1-550
21:40 jpsxdec.indexing.DiscIndexer INFO: Adding disc item Sectors:166304-172872|Type:XA|File:1|Channel:1|Stereo?:Yes|Samples/Sec:37800|Bits/Sample:4|Sector stride:8|Disc speed:2x
21:40 jpsxdec.indexing.DiscIndexer INFO: Adding disc item Sectors:184622-184624|Type:Tim|Start Offset:0|Dimensions:64x64|Palettes:1|Bpp:8
21:40 jpsxdec.indexing.DiscIndexer INFO: Adding disc item Sectors:184625-184627|Type:Tim|Start Offset:0|Dimensions:64x64|Palettes:1|Bpp:8
21:40 jpsxdec.indexing.DiscIndexer INFO: Adding disc item Sectors:184628-184630|Type:Tim|Start Offset:0|Dimensions:64x64|Palettes:1|Bpp:8
21:40 jpsxdec.indexing.DiscIndexer INFO: Adding disc item Sectors:184631-184633|Type:Tim|Start Offset:0|Dimensions:64x64|Palettes:1|Bpp:8
21:40 jpsxdec.indexing.DiscIndexer INFO: Adding disc item Sectors:184634-184636|Type:Tim|Start Offset:0|Dimensions:64x64|Palettes:1|Bpp:8
21:40 jpsxdec.indexing.DiscIndexer INFO: Adding disc item Sectors:184637-184639|Type:Tim|Start Offset:0|Dimensions:64x64|Palettes:1|Bpp:8
21:40 jpsxdec.indexing.DiscIndexer INFO: Adding disc item Sectors:184640-184642|Type:Tim|Start Offset:0|Dimensions:64x64|Palettes:1|Bpp:8
21:40 jpsxdec.indexing.DiscIndexer INFO: Adding disc item Sectors:184643-184645|Type:Tim|Start Offset:0|Dimensions:64x64|Palettes:1|Bpp:8
21:40 jpsxdec.indexing.DiscIndexer INFO: Adding disc item Sectors:184646-184648|Type:Tim|Start Offset:0|Dimensions:64x64|Palettes:1|Bpp:8
21:40 jpsxdec.indexing.DiscIndexer INFO: Adding disc item Sectors:184649-184651|Type:Tim|Start Offset:0|Dimensions:64x64|Palettes:1|Bpp:8
21:40 jpsxdec.indexing.DiscIndexer INFO: Adding disc item Sectors:184652-184654|Type:Tim|Start Offset:0|Dimensions:64x64|Palettes:1|Bpp:8
21:40 jpsxdec.indexing.DiscIndexer INFO: Adding disc item Sectors:184655-184657|Type:Tim|Start Offset:0|Dimensions:64x64|Palettes:1|Bpp:8
21:40 jpsxdec.indexing.DiscIndexer INFO: Adding disc item Sectors:184658-184660|Type:Tim|Start Offset:0|Dimensions:64x64|Palettes:1|Bpp:8
21:40 jpsxdec.indexing.DiscIndexer INFO: Adding disc item Sectors:184661-184663|Type:Tim|Start Offset:0|Dimensions:64x64|Palettes:1|Bpp:8
21:40 jpsxdec.indexing.DiscIndexer INFO: Adding disc item Sectors:184664-184666|Type:Tim|Start Offset:0|Dimensions:64x64|Palettes:1|Bpp:8
21:40 jpsxdec.indexing.DiscIndexer INFO: Adding disc item Sectors:184667-184669|Type:Tim|Start Offset:0|Dimensions:64x64|Palettes:1|Bpp:8
21:40 jpsxdec.indexing.DiscIndexer INFO: Adding disc item Sectors:184670-184672|Type:Tim|Start Offset:0|Dimensions:64x64|Palettes:1|Bpp:8
21:40 jpsxdec.indexing.DiscIndexer INFO: Adding disc item Sectors:184673-184675|Type:Tim|Start Offset:0|Dimensions:64x64|Palettes:1|Bpp:8
21:40 jpsxdec.indexing.DiscIndexer INFO: Adding disc item Sectors:184676-184678|Type:Tim|Start Offset:0|Dimensions:64x64|Palettes:1|Bpp:8
21:40 jpsxdec.indexing.DiscIndexer INFO: Adding disc item Sectors:184679-184681|Type:Tim|Start Offset:0|Dimensions:64x64|Palettes:1|Bpp:8
21:40 jpsxdec.indexing.DiscIndexer INFO: Adding disc item Sectors:184682-184684|Type:Tim|Start Offset:0|Dimensions:64x64|Palettes:1|Bpp:8
21:40 jpsxdec.indexing.DiscIndexer INFO: Adding disc item Sectors:184685-184687|Type:Tim|Start Offset:0|Dimensions:64x64|Palettes:1|Bpp:8
21:40 jpsxdec.indexing.DiscIndexer INFO: Adding disc item Sectors:184688-184690|Type:Tim|Start Offset:0|Dimensions:64x64|Palettes:1|Bpp:8
21:40 jpsxdec.indexing.DiscIndexer INFO: Adding disc item Sectors:184691-184693|Type:Tim|Start Offset:0|Dimensions:64x64|Palettes:1|Bpp:8
21:40 jpsxdec.indexing.DiscIndexer INFO: Adding disc item Sectors:184694-184696|Type:Tim|Start Offset:0|Dimensions:64x64|Palettes:1|Bpp:8
21:40 jpsxdec.indexing.DiscIndexer INFO: Adding disc item Sectors:184697-184699|Type:Tim|Start Offset:0|Dimensions:64x64|Palettes:1|Bpp:8
21:40 jpsxdec.indexing.DiscIndexer INFO: Adding disc item Sectors:184700-184702|Type:Tim|Start Offset:0|Dimensions:64x64|Palettes:1|Bpp:8
21:40 jpsxdec.indexing.DiscIndexer INFO: Adding disc item Sectors:184703-184705|Type:Tim|Start Offset:0|Dimensions:64x64|Palettes:1|Bpp:8
21:40 jpsxdec.indexing.DiscIndexer INFO: Adding disc item Sectors:184706-184708|Type:Tim|Start Offset:0|Dimensions:64x64|Palettes:1|Bpp:8
21:40 jpsxdec.indexing.DiscIndexer INFO: Adding disc item Sectors:184709-184711|Type:Tim|Start Offset:0|Dimensions:64x64|Palettes:1|Bpp:8
21:40 jpsxdec.indexing.DiscIndexer INFO: Adding disc item Sectors:184712-184714|Type:Tim|Start Offset:0|Dimensions:64x64|Palettes:1|Bpp:8
21:40 jpsxdec.indexing.DiscIndexer INFO: Adding disc item Sectors:184715-184717|Type:Tim|Start Offset:0|Dimensions:64x64|Palettes:1|Bpp:8
21:40 jpsxdec.indexing.DiscIndexer INFO: Adding disc item Sectors:184718-184720|Type:Tim|Start Offset:0|Dimensions:64x64|Palettes:1|Bpp:8
21:40 jpsxdec.indexing.DiscIndexer INFO: Adding disc item Sectors:184721-184723|Type:Tim|Start Offset:0|Dimensions:64x64|Palettes:1|Bpp:8
21:40 jpsxdec.indexing.DiscIndexer INFO: Adding disc item Sectors:184724-184726|Type:Tim|Start Offset:0|Dimensions:64x64|Palettes:1|Bpp:8
21:40 jpsxdec.indexing.DiscIndexer INFO: Adding disc item Sectors:184727-184729|Type:Tim|Start Offset:0|Dimensions:64x64|Palettes:1|Bpp:8
21:40 jpsxdec.indexing.DiscIndexer INFO: Adding disc item Sectors:184730-184732|Type:Tim|Start Offset:0|Dimensions:64x64|Palettes:1|Bpp:8
21:40 jpsxdec.indexing.DiscIndexer INFO: Adding disc item Sectors:184733-184735|Type:Tim|Start Offset:0|Dimensions:64x64|Palettes:1|Bpp:8
21:40 jpsxdec.indexing.DiscIndexer INFO: Adding disc item Sectors:184736-184738|Type:Tim|Start Offset:0|Dimensions:64x64|Palettes:1|Bpp:8
21:40 jpsxdec.indexing.DiscIndexer INFO: Adding disc item Sectors:184739-184741|Type:Tim|Start Offset:0|Dimensions:64x64|Palettes:1|Bpp:8
21:40 jpsxdec.indexing.DiscIndexer INFO: Adding disc item Sectors:184742-184744|Type:Tim|Start Offset:0|Dimensions:64x64|Palettes:1|Bpp:8
21:40 jpsxdec.indexing.DiscIndexer INFO: Adding disc item Sectors:184745-184747|Type:Tim|Start Offset:0|Dimensions:64x64|Palettes:1|Bpp:8
21:40 jpsxdec.indexing.DiscIndexer INFO: Adding disc item Sectors:184748-184750|Type:Tim|Start Offset:0|Dimensions:64x64|Palettes:1|Bpp:8
21:40 jpsxdec.indexing.DiscIndexer INFO: Adding disc item Sectors:184751-184753|Type:Tim|Start Offset:0|Dimensions:64x64|Palettes:1|Bpp:8
21:40 jpsxdec.indexing.DiscIndexer INFO: Adding disc item Sectors:184754-184756|Type:Tim|Start Offset:0|Dimensions:64x64|Palettes:1|Bpp:8
21:40 jpsxdec.indexing.DiscIndexer INFO: Adding disc item Sectors:184757-184759|Type:Tim|Start Offset:0|Dimensions:64x64|Palettes:1|Bpp:8
21:40 jpsxdec.indexing.DiscIndexer INFO: Adding disc item Sectors:184760-184762|Type:Tim|Start Offset:0|Dimensions:64x64|Palettes:1|Bpp:8
21:40 jpsxdec.indexing.DiscIndexer INFO: Adding disc item Sectors:184763-184765|Type:Tim|Start Offset:0|Dimensions:64x64|Palettes:1|Bpp:8
21:40 jpsxdec.indexing.DiscIndexer INFO: Adding disc item Sectors:184766-184768|Type:Tim|Start Offset:0|Dimensions:64x64|Palettes:1|Bpp:8
21:40 jpsxdec.indexing.DiscIndexer INFO: Adding disc item Sectors:184769-184771|Type:Tim|Start Offset:0|Dimensions:64x64|Palettes:1|Bpp:8
21:40 jpsxdec.indexing.DiscIndexer INFO: Adding disc item Sectors:184772-184774|Type:Tim|Start Offset:0|Dimensions:64x64|Palettes:1|Bpp:8
21:40 jpsxdec.indexing.DiscIndexer INFO: Adding disc item Sectors:184775-184777|Type:Tim|Start Offset:0|Dimensions:64x64|Palettes:1|Bpp:8
21:40 jpsxdec.indexing.DiscIndexer INFO: Adding disc item Sectors:184778-184780|Type:Tim|Start Offset:0|Dimensions:64x64|Palettes:1|Bpp:8
21:40 jpsxdec.indexing.DiscIndexer INFO: Adding disc item Sectors:184781-184783|Type:Tim|Start Offset:0|Dimensions:64x64|Palettes:1|Bpp:8
21:40 jpsxdec.indexing.DiscIndexer INFO: Adding disc item Sectors:184784-184786|Type:Tim|Start Offset:0|Dimensions:64x64|Palettes:1|Bpp:8
21:40 jpsxdec.indexing.DiscIndexer INFO: Adding disc item Sectors:184787-184789|Type:Tim|Start Offset:0|Dimensions:64x64|Palettes:1|Bpp:8
21:40 jpsxdec.indexing.DiscIndexer INFO: Adding disc item Sectors:184790-184792|Type:Tim|Start Offset:0|Dimensions:64x64|Palettes:1|Bpp:8
21:40 jpsxdec.indexing.DiscIndexer INFO: Adding disc item Sectors:184793-184795|Type:Tim|Start Offset:0|Dimensions:64x64|Palettes:1|Bpp:8
21:40 jpsxdec.indexing.DiscIndexer INFO: Adding disc item Sectors:184796-184798|Type:Tim|Start Offset:0|Dimensions:64x64|Palettes:1|Bpp:8
21:40 jpsxdec.indexing.DiscIndexer INFO: Adding disc item Sectors:184799-184801|Type:Tim|Start Offset:0|Dimensions:64x64|Palettes:1|Bpp:8
21:40 jpsxdec.indexing.DiscIndexer INFO: Adding disc item Sectors:184802-184804|Type:Tim|Start Offset:0|Dimensions:64x64|Palettes:1|Bpp:8
21:40 jpsxdec.indexing.DiscIndexer INFO: Adding disc item Sectors:184805-184807|Type:Tim|Start Offset:0|Dimensions:64x64|Palettes:1|Bpp:8
21:40 jpsxdec.indexing.DiscIndexer INFO: Adding disc item Sectors:184808-184810|Type:Tim|Start Offset:0|Dimensions:64x64|Palettes:1|Bpp:8
21:40 jpsxdec.indexing.DiscIndexer INFO: Adding disc item Sectors:184811-184813|Type:Tim|Start Offset:0|Dimensions:64x64|Palettes:1|Bpp:8
21:40 jpsxdec.indexing.DiscIndexer INFO: Adding disc item Sectors:184814-184816|Type:Tim|Start Offset:0|Dimensions:64x64|Palettes:1|Bpp:8
21:40 jpsxdec.indexing.DiscIndexer INFO: Adding disc item Sectors:184817-184819|Type:Tim|Start Offset:0|Dimensions:64x64|Palettes:1|Bpp:8
21:40 jpsxdec.indexing.DiscIndexer INFO: Adding disc item Sectors:184820-184822|Type:Tim|Start Offset:0|Dimensions:64x64|Palettes:1|Bpp:8
21:40 jpsxdec.indexing.DiscIndexer INFO: Adding disc item Sectors:184823-184825|Type:Tim|Start Offset:0|Dimensions:64x64|Palettes:1|Bpp:8
21:40 jpsxdec.indexing.DiscIndexer INFO: Adding disc item Sectors:184826-184828|Type:Tim|Start Offset:0|Dimensions:64x64|Palettes:1|Bpp:8
21:40 jpsxdec.indexing.DiscIndexer INFO: Adding disc item Sectors:184829-184831|Type:Tim|Start Offset:0|Dimensions:64x64|Palettes:1|Bpp:8
21:40 jpsxdec.indexing.DiscIndexer INFO: Adding disc item Sectors:184832-184834|Type:Tim|Start Offset:0|Dimensions:64x64|Palettes:1|Bpp:8
21:40 jpsxdec.indexing.DiscIndexer INFO: Adding disc item Sectors:184835-184837|Type:Tim|Start Offset:0|Dimensions:64x64|Palettes:1|Bpp:8
21:40 jpsxdec.indexing.DiscIndexer INFO: Adding disc item Sectors:184838-184840|Type:Tim|Start Offset:0|Dimensions:64x64|Palettes:1|Bpp:8
21:40 jpsxdec.indexing.DiscIndexer INFO: Adding disc item Sectors:184841-184843|Type:Tim|Start Offset:0|Dimensions:64x64|Palettes:1|Bpp:8
21:40 jpsxdec.indexing.DiscIndexer INFO: Adding disc item Sectors:184844-184846|Type:Tim|Start Offset:0|Dimensions:64x64|Palettes:1|Bpp:8
21:40 jpsxdec.indexing.DiscIndexer INFO: Adding disc item Sectors:184847-184849|Type:Tim|Start Offset:0|Dimensions:64x64|Palettes:1|Bpp:8
21:40 jpsxdec.indexing.DiscIndexer INFO: Adding disc item Sectors:184850-184852|Type:Tim|Start Offset:0|Dimensions:64x64|Palettes:1|Bpp:8
21:40 jpsxdec.indexing.DiscIndexer INFO: Adding disc item Sectors:184853-184855|Type:Tim|Start Offset:0|Dimensions:64x64|Palettes:1|Bpp:8
21:40 jpsxdec.indexing.DiscIndexer INFO: Adding disc item Sectors:184856-184858|Type:Tim|Start Offset:0|Dimensions:64x64|Palettes:1|Bpp:8
21:40 jpsxdec.indexing.DiscIndexer INFO: Adding disc item Sectors:184859-184861|Type:Tim|Start Offset:0|Dimensions:64x64|Palettes:1|Bpp:8
21:40 jpsxdec.indexing.DiscIndexer INFO: Adding disc item Sectors:184862-184864|Type:Tim|Start Offset:0|Dimensions:64x64|Palettes:1|Bpp:8
21:40 jpsxdec.indexing.DiscIndexer INFO: Adding disc item Sectors:184865-184867|Type:Tim|Start Offset:0|Dimensions:64x64|Palettes:1|Bpp:8
21:40 jpsxdec.indexing.DiscIndexer INFO: Adding disc item Sectors:184868-184870|Type:Tim|Start Offset:0|Dimensions:64x64|Palettes:1|Bpp:8
21:40 jpsxdec.indexing.DiscIndexer INFO: Adding disc item Sectors:184871-184873|Type:Tim|Start Offset:0|Dimensions:64x64|Palettes:1|Bpp:8
21:40 jpsxdec.indexing.DiscIndexer INFO: Adding disc item Sectors:184874-184876|Type:Tim|Start Offset:0|Dimensions:64x64|Palettes:1|Bpp:8
21:40 jpsxdec.indexing.DiscIndexer INFO: Adding disc item Sectors:184877-184879|Type:Tim|Start Offset:0|Dimensions:64x64|Palettes:1|Bpp:8
21:40 jpsxdec.indexing.DiscIndexer INFO: Adding disc item Sectors:184880-184882|Type:Tim|Start Offset:0|Dimensions:64x64|Palettes:1|Bpp:8
21:40 jpsxdec.indexing.DiscIndexer INFO: Adding disc item Sectors:184883-184885|Type:Tim|Start Offset:0|Dimensions:64x64|Palettes:1|Bpp:8
21:40 jpsxdec.indexing.DiscIndexer INFO: Adding disc item Sectors:184886-184888|Type:Tim|Start Offset:0|Dimensions:64x64|Palettes:1|Bpp:8
21:40 jpsxdec.indexing.DiscIndexer INFO: Adding disc item Sectors:184889-184891|Type:Tim|Start Offset:0|Dimensions:64x64|Palettes:1|Bpp:8
21:40 jpsxdec.indexing.DiscIndexer INFO: Adding disc item Sectors:184892-184894|Type:Tim|Start Offset:0|Dimensions:64x64|Palettes:1|Bpp:8
21:40 jpsxdec.indexing.DiscIndexer INFO: Adding disc item Sectors:184895-184897|Type:Tim|Start Offset:40|Dimensions:64x64|Palettes:1|Bpp:8
21:40 jpsxdec.indexing.DiscIndexer INFO: Adding disc item Sectors:184897-184897|Type:Tim|Start Offset:584|Dimensions:128x16|Palettes:1|Bpp:4
21:40 jpsxdec.indexing.DiscIndexer INFO: Adding disc item Sectors:184897-184898|Type:Tim|Start Offset:1672|Dimensions:16x64|Palettes:1|Bpp:4
21:40 jpsxdec.indexing.DiscIndexer INFO: Adding disc item Sectors:184898-184898|Type:Tim|Start Offset:200|Dimensions:32x32|Palettes:1|Bpp:4
21:40 jpsxdec.indexing.DiscIndexer INFO: Adding disc item Sectors:184898-184899|Type:Tim|Start Offset:776|Dimensions:96x16|Palettes:16|Bpp:4
21:40 jpsxdec.indexing.DiscIndexer INFO: Adding disc item Sectors:184899-184911|Type:Tim|Start Offset:40|Dimensions:256x192|Palettes:1|Bpp:4
21:40 jpsxdec.indexing.DiscIndexer INFO: Adding disc item Sectors:184911-184911|Type:Tim|Start Offset:104|Dimensions:12x40|Palettes:1|Bpp:4
21:40 jpsxdec.indexing.DiscIndexer INFO: Adding disc item Sectors:184911-184911|Type:Tim|Start Offset:408|Dimensions:40x12|Palettes:1|Bpp:4
21:40 jpsxdec.indexing.DiscIndexer INFO: Adding disc item Sectors:184970-184978|Type:Tim|Start Offset:0|Dimensions:256x128|Palettes:1|Bpp:4
21:40 jpsxdec.indexing.DiscIndexer INFO: Adding disc item Sectors:184984-185000|Type:Tim|Start Offset:0|Dimensions:128x256|Palettes:1|Bpp:8
21:40 jpsxdec.indexing.DiscIndexer INFO: Adding disc item Sectors:236676-236746|Type:Tim|Start Offset:0|Dimensions:320x224|Palettes:1|Bpp:16
21:40 jpsxdec.indexing.DiscIndexer INFO: Adding disc item Sectors:236747-236817|Type:Tim|Start Offset:0|Dimensions:320x224|Palettes:1|Bpp:16
21:40 jpsxdec.indexing.DiscIndexer INFO: Adding disc item Sectors:236818-236888|Type:Tim|Start Offset:0|Dimensions:320x224|Palettes:1|Bpp:16
21:40 jpsxdec.indexing.DiscIndexer INFO: Adding disc item Sectors:236889-236926|Type:Tim|Start Offset:0|Dimensions:320x240|Palettes:1|Bpp:8
21:40 jpsxdec.indexing.DiscIndexer INFO: Adding disc item Sectors:236927-236964|Type:Tim|Start Offset:0|Dimensions:320x240|Palettes:1|Bpp:8
21:40 jpsxdec.indexing.DiscIndexer INFO: Adding disc item Sectors:236965-237002|Type:Tim|Start Offset:0|Dimensions:320x240|Palettes:1|Bpp:8
21:40 jpsxdec.indexing.DiscIndexer INFO: Adding disc item Sectors:237003-237040|Type:Tim|Start Offset:0|Dimensions:320x240|Palettes:1|Bpp:8
21:40 jpsxdec.indexing.DiscIndexer INFO: Adding disc item Sectors:237041-237078|Type:Tim|Start Offset:0|Dimensions:320x240|Palettes:1|Bpp:8
21:40 jpsxdec.indexing.DiscIndexer INFO: Adding disc item Sectors:237079-237116|Type:Tim|Start Offset:0|Dimensions:320x240|Palettes:1|Bpp:8
21:40 jpsxdec.indexing.DiscIndexer INFO: Adding disc item Sectors:237117-237154|Type:Tim|Start Offset:0|Dimensions:320x240|Palettes:1|Bpp:8
21:40 jpsxdec.indexing.DiscIndexer INFO: Adding disc item Sectors:237155-237192|Type:Tim|Start Offset:0|Dimensions:320x240|Palettes:1|Bpp:8
21:40 jpsxdec.indexing.DiscIndexer INFO: Adding disc item Sectors:237193-237230|Type:Tim|Start Offset:0|Dimensions:320x240|Palettes:1|Bpp:8
21:40 jpsxdec.indexing.DiscIndexer INFO: Adding disc item Sectors:237231-237255|Type:Tim|Start Offset:0|Dimensions:256x192|Palettes:1|Bpp:8
21:40 jpsxdec.indexing.DiscIndexer INFO: Adding disc item Sectors:237256-237280|Type:Tim|Start Offset:0|Dimensions:256x192|Palettes:1|Bpp:8
21:40 jpsxdec.indexing.DiscIndexer INFO: Adding disc item Sectors:237281-237305|Type:Tim|Start Offset:0|Dimensions:256x192|Palettes:1|Bpp:8
21:40 jpsxdec.indexing.DiscIndexer INFO: Adding disc item Sectors:237306-237330|Type:Tim|Start Offset:0|Dimensions:256x192|Palettes:1|Bpp:8
21:40 jpsxdec.indexing.DiscIndexer INFO: Adding disc item Sectors:237331-237355|Type:Tim|Start Offset:0|Dimensions:256x192|Palettes:1|Bpp:8
21:40 jpsxdec.indexing.DiscIndexer INFO: Adding disc item Sectors:237356-237426|Type:Tim|Start Offset:0|Dimensions:320x224|Palettes:1|Bpp:16
21:40 jpsxdec.indexing.DiscIndexer INFO: Adding disc item Sectors:237427-237497|Type:Tim|Start Offset:0|Dimensions:320x224|Palettes:1|Bpp:16
21:40 jpsxdec.indexing.DiscIndexer INFO: Adding disc item Sectors:237498-237568|Type:Tim|Start Offset:0|Dimensions:320x224|Palettes:1|Bpp:16
21:40 jpsxdec.indexing.DiscIndexer INFO: Adding disc item Sectors:237569-237639|Type:Tim|Start Offset:0|Dimensions:320x224|Palettes:1|Bpp:16
21:40 jpsxdec.indexing.DiscIndexer INFO: Adding disc item Sectors:237640-237710|Type:Tim|Start Offset:0|Dimensions:320x224|Palettes:1|Bpp:16
21:40 jpsxdec.indexing.DiscIndexer INFO: Adding disc item Sectors:237711-237781|Type:Tim|Start Offset:0|Dimensions:320x224|Palettes:1|Bpp:16
21:40 jpsxdec.indexing.DiscIndexer INFO: Adding disc item Sectors:237782-237819|Type:Tim|Start Offset:0|Dimensions:320x240|Palettes:1|Bpp:8
21:40 jpsxdec.indexing.DiscIndexer INFO: Adding disc item Sectors:237820-237890|Type:Tim|Start Offset:0|Dimensions:320x224|Palettes:1|Bpp:16
21:40 jpsxdec.indexing.DiscIndexer INFO: Adding disc item Sectors:237891-237961|Type:Tim|Start Offset:0|Dimensions:320x224|Palettes:1|Bpp:16
21:40 jpsxdec.indexing.DiscIndexer INFO: Adding disc item Sectors:237962-238032|Type:Tim|Start Offset:0|Dimensions:320x224|Palettes:1|Bpp:16
21:40 jpsxdec.indexing.DiscIndexer INFO: Adding disc item Sectors:238033-238103|Type:Tim|Start Offset:0|Dimensions:320x224|Palettes:1|Bpp:16
21:40 jpsxdec.indexing.DiscIndexer INFO: Adding disc item Sectors:238104-238174|Type:Tim|Start Offset:0|Dimensions:320x224|Palettes:1|Bpp:16
21:40 jpsxdec.indexing.DiscIndexer INFO: Adding disc item Sectors:238175-238212|Type:Tim|Start Offset:0|Dimensions:320x240|Palettes:1|Bpp:8
21:40 jpsxdec.indexing.DiscIndexer INFO: Adding disc item Sectors:238213-238283|Type:Tim|Start Offset:0|Dimensions:320x224|Palettes:1|Bpp:16
21:40 jpsxdec.indexing.DiscIndexer INFO: Adding disc item Sectors:238284-238354|Type:Tim|Start Offset:0|Dimensions:320x224|Palettes:1|Bpp:16
21:40 jpsxdec.indexing.DiscIndexer INFO: Adding disc item Sectors:238355-238425|Type:Tim|Start Offset:0|Dimensions:320x224|Palettes:1|Bpp:16
21:40 jpsxdec.indexing.DiscIndexer INFO: Adding disc item Sectors:238426-238496|Type:Tim|Start Offset:0|Dimensions:320x224|Palettes:1|Bpp:16
21:40 jpsxdec.indexing.DiscIndexer INFO: Adding disc item Sectors:238497-238567|Type:Tim|Start Offset:0|Dimensions:320x224|Palettes:1|Bpp:16
21:40 jpsxdec.indexing.DiscIndexer INFO: Adding disc item Sectors:238568-238638|Type:Tim|Start Offset:0|Dimensions:320x224|Palettes:1|Bpp:16
21:40 jpsxdec.indexing.DiscIndexer INFO: Adding disc item Sectors:238639-238709|Type:Tim|Start Offset:0|Dimensions:320x224|Palettes:1|Bpp:16
21:40 jpsxdec.indexing.DiscIndexer INFO: Adding disc item Sectors:238710-238780|Type:Tim|Start Offset:0|Dimensions:320x224|Palettes:1|Bpp:16
21:40 jpsxdec.indexing.DiscIndexer INFO: Adding disc item Sectors:238781-238851|Type:Tim|Start Offset:0|Dimensions:320x224|Palettes:1|Bpp:16
21:40 jpsxdec.indexing.DiscIndexer INFO: Adding disc item Sectors:238852-238922|Type:Tim|Start Offset:0|Dimensions:320x224|Palettes:1|Bpp:16
21:40 jpsxdec.indexing.DiscIndexer INFO: Adding disc item Sectors:238923-238993|Type:Tim|Start Offset:0|Dimensions:320x224|Palettes:1|Bpp:16
21:40 jpsxdec.indexing.DiscIndexer INFO: Adding disc item Sectors:238994-239064|Type:Tim|Start Offset:0|Dimensions:320x224|Palettes:1|Bpp:16
21:40 jpsxdec.indexing.DiscIndexer INFO: Adding disc item Sectors:239065-239135|Type:Tim|Start Offset:0|Dimensions:320x224|Palettes:1|Bpp:16
21:40 jpsxdec.indexing.DiscIndexer INFO: Adding disc item Sectors:239136-239206|Type:Tim|Start Offset:0|Dimensions:320x224|Palettes:1|Bpp:16
21:40 jpsxdec.indexing.DiscIndexer INFO: Adding disc item Sectors:239207-239277|Type:Tim|Start Offset:0|Dimensions:320x224|Palettes:1|Bpp:16
21:40 jpsxdec.indexing.DiscIndexer INFO: Adding disc item Sectors:239278-239348|Type:Tim|Start Offset:0|Dimensions:320x224|Palettes:1|Bpp:16
21:40 jpsxdec.indexing.DiscIndexer INFO: Adding disc item Sectors:239349-239419|Type:Tim|Start Offset:0|Dimensions:320x224|Palettes:1|Bpp:16
21:40 jpsxdec.indexing.DiscIndexer INFO: Adding disc item Sectors:239420-239457|Type:Tim|Start Offset:0|Dimensions:320x240|Palettes:1|Bpp:8
21:40 jpsxdec.indexing.DiscIndexer INFO: Adding disc item Sectors:239458-239528|Type:Tim|Start Offset:0|Dimensions:320x224|Palettes:1|Bpp:16
21:40 jpsxdec.indexing.DiscIndexer INFO: Adding disc item Sectors:239529-239599|Type:Tim|Start Offset:0|Dimensions:320x224|Palettes:1|Bpp:16
21:40 jpsxdec.indexing.DiscIndexer INFO: Adding disc item Sectors:239600-239670|Type:Tim|Start Offset:0|Dimensions:320x224|Palettes:1|Bpp:16
21:40 jpsxdec.indexing.DiscIndexer INFO: Adding disc item Sectors:239671-239741|Type:Tim|Start Offset:0|Dimensions:320x224|Palettes:1|Bpp:16
21:40 jpsxdec.indexing.DiscIndexer INFO: Adding disc item Sectors:239742-239812|Type:Tim|Start Offset:0|Dimensions:320x224|Palettes:1|Bpp:16
21:40 jpsxdec.indexing.DiscIndexer INFO: Adding disc item Sectors:239813-239883|Type:Tim|Start Offset:0|Dimensions:320x224|Palettes:1|Bpp:16
21:40 jpsxdec.indexing.DiscIndexer INFO: Adding disc item Sectors:239884-239954|Type:Tim|Start Offset:0|Dimensions:320x224|Palettes:1|Bpp:16
21:40 jpsxdec.indexing.DiscIndexer INFO: Adding disc item Sectors:239955-240025|Type:Tim|Start Offset:0|Dimensions:320x224|Palettes:1|Bpp:16
21:40 jpsxdec.indexing.DiscIndexer INFO: Adding disc item Sectors:240026-240096|Type:Tim|Start Offset:0|Dimensions:320x224|Palettes:1|Bpp:16
21:40 jpsxdec.indexing.DiscIndexer INFO: Adding disc item Sectors:240097-240167|Type:Tim|Start Offset:0|Dimensions:320x224|Palettes:1|Bpp:16
21:40 jpsxdec.indexing.DiscIndexer INFO: Adding disc item Sectors:240168-240238|Type:Tim|Start Offset:0|Dimensions:320x224|Palettes:1|Bpp:16
21:40 jpsxdec.indexing.DiscIndexer INFO: Adding disc item Sectors:240239-240309|Type:Tim|Start Offset:0|Dimensions:320x224|Palettes:1|Bpp:16
21:40 jpsxdec.indexing.DiscIndexer INFO: Adding disc item Sectors:240310-240380|Type:Tim|Start Offset:0|Dimensions:320x224|Palettes:1|Bpp:16
21:40 jpsxdec.indexing.DiscIndexer INFO: Adding disc item Sectors:240381-240405|Type:Tim|Start Offset:0|Dimensions:256x192|Palettes:1|Bpp:8
21:40 jpsxdec.indexing.DiscIndexer INFO: Adding disc item Sectors:240406-240430|Type:Tim|Start Offset:0|Dimensions:256x192|Palettes:1|Bpp:8
21:40 jpsxdec.indexing.DiscIndexer INFO: Adding disc item Sectors:240431-240455|Type:Tim|Start Offset:0|Dimensions:256x192|Palettes:1|Bpp:8
21:40 jpsxdec.indexing.DiscIndexer INFO: Adding disc item Sectors:240456-240496|Type:Tim|Start Offset:0|Dimensions:320x256|Palettes:1|Bpp:8
21:40 jpsxdec.indexing.DiscIndexer INFO: Adding disc item Sectors:240497-240537|Type:Tim|Start Offset:0|Dimensions:320x256|Palettes:1|Bpp:8
21:40 jpsxdec.indexing.DiscIndexer INFO: Adding disc item Sectors:240538-240578|Type:Tim|Start Offset:0|Dimensions:320x256|Palettes:1|Bpp:8
21:40 jpsxdec.indexing.DiscIndexer INFO: Adding disc item Sectors:240579-240649|Type:Tim|Start Offset:0|Dimensions:320x224|Palettes:1|Bpp:16
21:40 jpsxdec.indexing.DiscIndexer INFO: Adding disc item Sectors:240650-240720|Type:Tim|Start Offset:0|Dimensions:320x224|Palettes:1|Bpp:16
21:40 jpsxdec.indexing.DiscIndexer INFO: Adding disc item Sectors:240721-240791|Type:Tim|Start Offset:0|Dimensions:320x224|Palettes:1|Bpp:16
21:40 jpsxdec.indexing.DiscIndexer INFO: Adding disc item Sectors:240792-240862|Type:Tim|Start Offset:0|Dimensions:320x224|Palettes:1|Bpp:16
21:40 jpsxdec.indexing.DiscIndexer INFO: Adding disc item Sectors:240863-240933|Type:Tim|Start Offset:0|Dimensions:320x224|Palettes:1|Bpp:16
21:40 jpsxdec.indexing.DiscIndexer INFO: Adding disc item Sectors:240934-241004|Type:Tim|Start Offset:0|Dimensions:320x224|Palettes:1|Bpp:16
21:40 jpsxdec.indexing.DiscIndexer INFO: Adding disc item Sectors:241005-241075|Type:Tim|Start Offset:0|Dimensions:320x224|Palettes:1|Bpp:16
21:40 jpsxdec.indexing.DiscIndexer INFO: Adding disc item Sectors:241076-241146|Type:Tim|Start Offset:0|Dimensions:320x224|Palettes:1|Bpp:16
21:40 jpsxdec.indexing.DiscIndexer INFO: Adding disc item Sectors:241147-241171|Type:Tim|Start Offset:0|Dimensions:256x192|Palettes:1|Bpp:8
21:40 jpsxdec.indexing.DiscIndexer INFO: Adding disc item Sectors:241172-241196|Type:Tim|Start Offset:0|Dimensions:256x192|Palettes:1|Bpp:8
21:40 jpsxdec.indexing.DiscIndexer INFO: Adding disc item Sectors:241197-241221|Type:Tim|Start Offset:0|Dimensions:256x192|Palettes:1|Bpp:8
21:40 jpsxdec.indexing.DiscIndexer INFO: Adding disc item Sectors:241222-241246|Type:Tim|Start Offset:0|Dimensions:256x192|Palettes:1|Bpp:8
21:40 jpsxdec.indexing.DiscIndexer INFO: Adding disc item Sectors:241247-241271|Type:Tim|Start Offset:0|Dimensions:256x192|Palettes:1|Bpp:8
21:40 jpsxdec.indexing.DiscIndexer INFO: Adding disc item Sectors:241272-241296|Type:Tim|Start Offset:0|Dimensions:256x192|Palettes:1|Bpp:8
21:40 jpsxdec.indexing.DiscIndexer INFO: Adding disc item Sectors:241297-241316|Type:Tim|Start Offset:0|Dimensions:256x156|Palettes:1|Bpp:8
21:40 jpsxdec.indexing.DiscIndexer INFO: Adding disc item Sectors:241317-241387|Type:Tim|Start Offset:0|Dimensions:320x224|Palettes:1|Bpp:16
21:40 jpsxdec.indexing.DiscIndexer INFO: Adding disc item Sectors:241388-241458|Type:Tim|Start Offset:0|Dimensions:320x224|Palettes:1|Bpp:16
21:40 jpsxdec.indexing.DiscIndexer INFO: Adding disc item Sectors:241459-241529|Type:Tim|Start Offset:0|Dimensions:320x224|Palettes:1|Bpp:16
21:40 jpsxdec.indexing.DiscIndexer INFO: Adding disc item Sectors:241530-241600|Type:Tim|Start Offset:0|Dimensions:320x224|Palettes:1|Bpp:16
21:40 jpsxdec.indexing.DiscIndexer INFO: Adding disc item Sectors:241601-241671|Type:Tim|Start Offset:0|Dimensions:640x224|Palettes:1|Bpp:8
21:40 jpsxdec.indexing.DiscIndexer INFO: Adding disc item Sectors:241672-241742|Type:Tim|Start Offset:0|Dimensions:640x224|Palettes:1|Bpp:8
21:40 jpsxdec.indexing.DiscIndexer INFO: Adding disc item ID:SLUS_006.69|Sectors:172918-173065|Type:File|Size:303104|Path:SLUS_006.69|Has mode 2 form 2:No|Has CD audio:No
21:40 jpsxdec.indexing.DiscIndexer INFO: Adding disc item ID:SYSTEM.CNF|Sectors:172917-172917|Type:File|Size:67|Path:SYSTEM.CNF|Has mode 2 form 2:No|Has CD audio:No
21:40 jpsxdec.modules.video.sectorbased.fps.StrFrameRateCalc INFO: Matching fps sequence: "10.0 sectors/frame" 10 length 6500 matches@0 1:1=true
21:40 jpsxdec.modules.video.sectorbased.fps.StrFrameRateCalc INFO: Possible frame rates: [2, 5, 10] Chose 10
21:40 jpsxdec.modules.video.sectorbased.fps.StrFrameRateCalc INFO: Sectors 166297-172796 (6500) frames 650 average 10 CASE1001011 old 10 new 10 @000000 vfr false 10.0 sectors/frame
21:40 jpsxdec.indexing.DiscIndexer INFO: Adding disc item Sectors:166297-172796|Type:Video|Dimensions:320x224|Frame Count:650|Sector Frames:166297-172787|Sectors/Frame:10/1|1st frame end sector:9|Header Frames:1-650
21:40 index INFO: Time: 12.71 sec
21:40 jpsxdec.indexing.SectorTypeCounter INFO: ISO9660 Directory Records 1
21:40 jpsxdec.indexing.SectorTypeCounter INFO: ISO9660 Volume Primary Descriptor 1
21:40 jpsxdec.indexing.SectorTypeCounter INFO: STR Str 150486
21:40 jpsxdec.indexing.SectorTypeCounter INFO: Unknown 135858
21:40 jpsxdec.indexing.SectorTypeCounter INFO: XA Audio 21604
21:40 jpsxdec.indexing.SectorTypeCounter INFO: XA Empty 4
21:41 jpsxdec.modules.video.save.VDP INFO: Bitstream format: BitStreamUncompressor_STRv2
